layer at (0,0) size 800x600
  RenderView at (0,0) size 800x600
layer at (0,0) size 800x600
  RenderBlock {HTML} at (0,0) size 800x600
    RenderBody {BODY} at (8,8) size 784x584
      RenderBlock (anonymous) at (0,0) size 784x123
        RenderText {#text} at (0,0) size 515x18
          text run at (0,0) width 515: "This tests that typing in a scrolled textarea does not cause unnecessary scrolling."
        RenderBR {BR} at (514,0) size 1x18
        RenderText {#text} at (165,105) size 4x18
          text run at (165,105) width 4: " "
        RenderBR {BR} at (169,105) size 0x18
      RenderBlock {DIV} at (0,123) size 784x0
layer at (10,28) size 161x97 clip at (11,29) size 144x95 scrollY 182 scrollHeight 277
  RenderTextControl {TEXTAREA} at (2,20) size 161x97 [bgcolor=#FFFFFF] [border: (1px solid #000000)]
    RenderBlock {DIV} at (3,3) size 140x273
      RenderText {#text} at (0,0) size 6x13
        text run at (0,0) width 6: "1"
      RenderBR {BR} at (5,0) size 1x13
      RenderText {#text} at (0,13) size 7x13
        text run at (0,13) width 7: "2"
      RenderBR {BR} at (6,13) size 1x13
      RenderText {#text} at (0,26) size 7x13
        text run at (0,26) width 7: "3"
      RenderBR {BR} at (6,26) size 1x13
      RenderText {#text} at (0,39) size 8x13
        text run at (0,39) width 8: "4"
      RenderBR {BR} at (7,39) size 1x13
      RenderText {#text} at (0,52) size 7x13
        text run at (0,52) width 7: "5"
      RenderBR {BR} at (6,52) size 1x13
      RenderText {#text} at (0,65) size 8x13
        text run at (0,65) width 8: "6"
      RenderBR {BR} at (7,65) size 1x13
      RenderText {#text} at (0,78) size 7x13
        text run at (0,78) width 7: "7"
      RenderBR {BR} at (6,78) size 1x13
      RenderText {#text} at (0,91) size 8x13
        text run at (0,91) width 8: "8"
      RenderBR {BR} at (7,91) size 1x13
      RenderText {#text} at (0,104) size 8x13
        text run at (0,104) width 8: "9"
      RenderBR {BR} at (7,104) size 1x13
      RenderText {#text} at (0,117) size 13x13
        text run at (0,117) width 13: "10"
      RenderBR {BR} at (12,117) size 1x13
      RenderText {#text} at (0,130) size 11x13
        text run at (0,130) width 11: "11"
      RenderBR {BR} at (10,130) size 1x13
      RenderText {#text} at (0,143) size 12x13
        text run at (0,143) width 12: "12"
      RenderBR {BR} at (11,143) size 1x13
      RenderText {#text} at (0,156) size 13x13
        text run at (0,156) width 13: "13"
      RenderBR {BR} at (12,156) size 1x13
      RenderText {#text} at (0,169) size 13x13
        text run at (0,169) width 13: "14"
      RenderBR {BR} at (12,169) size 1x13
      RenderText {#text} at (0,182) size 13x13
        text run at (0,182) width 13: "15"
      RenderBR {BR} at (12,182) size 1x13
      RenderText {#text} at (0,195) size 13x13
        text run at (0,195) width 13: "16"
      RenderBR {BR} at (12,195) size 1x13
      RenderText {#text} at (0,208) size 12x13
        text run at (0,208) width 12: "17"
      RenderBR {BR} at (11,208) size 1x13
      RenderText {#text} at (0,221) size 40x13
        text run at (0,221) width 40: "18 Pass"
      RenderBR {BR} at (39,221) size 1x13
      RenderText {#text} at (0,234) size 13x13
        text run at (0,234) width 13: "19"
      RenderBR {BR} at (12,234) size 1x13
      RenderText {#text} at (0,247) size 14x13
        text run at (0,247) width 14: "20"
      RenderBR {BR} at (13,247) size 1x13
      RenderBR {BR} at (0,260) size 0x13
caret: position 7 of child 34 {#text} of child 0 {DIV} of {#document-fragment} of child 3 {TEXTAREA} of body
