layer at (0,0) size 800x600
  RenderView at (0,0) size 800x600
layer at (0,0) size 800x191
  RenderBlock {HTML} at (0,0) size 800x191
    RenderBody {BODY} at (8,8) size 784x175
      RenderBlock {DIV} at (0,0) size 784x20
        RenderText {#text} at (0,0) size 610x19
          text run at (0,0) width 610: "When the caret is scrolled out, on starting typing it must be brought to the center of the control."
      RenderBlock (anonymous) at (0,20) size 784x155
        RenderText {#text} at (0,0) size 0x0
        RenderText {#text} at (0,0) size 0x0
layer at (10,30) size 98x146 clip at (11,31) size 81x144 scrollHeight 452
  RenderTextControl {TEXTAREA} at (2,2) size 98x146 [bgcolor=#FFFFFF] [border: (1px solid #3C3C4399)]
    RenderBlock {DIV} at (6,3) size 71x448
      RenderText {#text} at (0,0) size 14x14
        text run at (0,0) width 14: "00"
      RenderBR {BR} at (13,0) size 1x14
      RenderText {#text} at (0,14) size 13x14
        text run at (0,14) width 13: "01"
      RenderBR {BR} at (12,14) size 1x14
      RenderText {#text} at (0,28) size 14x14
        text run at (0,28) width 14: "02"
      RenderBR {BR} at (13,28) size 1x14
      RenderText {#text} at (0,42) size 14x14
        text run at (0,42) width 14: "03"
      RenderBR {BR} at (13,42) size 1x14
      RenderText {#text} at (0,56) size 15x14
        text run at (0,56) width 15: "04"
      RenderBR {BR} at (14,56) size 1x14
      RenderText {#text} at (0,70) size 14x14
        text run at (0,70) width 14: "05"
      RenderBR {BR} at (13,70) size 1x14
      RenderText {#text} at (0,84) size 15x14
        text run at (0,84) width 15: "06"
      RenderBR {BR} at (14,84) size 1x14
      RenderText {#text} at (0,98) size 14x14
        text run at (0,98) width 14: "07"
      RenderBR {BR} at (13,98) size 1x14
      RenderText {#text} at (0,112) size 15x14
        text run at (0,112) width 15: "08"
      RenderBR {BR} at (14,112) size 1x14
      RenderText {#text} at (0,126) size 15x14
        text run at (0,126) width 15: "09"
      RenderBR {BR} at (14,126) size 1x14
      RenderText {#text} at (0,140) size 13x14
        text run at (0,140) width 13: "10"
      RenderBR {BR} at (12,140) size 1x14
      RenderText {#text} at (0,154) size 11x14
        text run at (0,154) width 11: "11"
      RenderBR {BR} at (10,154) size 1x14
      RenderText {#text} at (0,168) size 12x14
        text run at (0,168) width 12: "12"
      RenderBR {BR} at (11,168) size 1x14
      RenderText {#text} at (0,182) size 13x14
        text run at (0,182) width 13: "13"
      RenderBR {BR} at (12,182) size 1x14
      RenderText {#text} at (0,196) size 13x14
        text run at (0,196) width 13: "14"
      RenderBR {BR} at (12,196) size 1x14
      RenderText {#text} at (0,210) size 13x14
        text run at (0,210) width 13: "15"
      RenderBR {BR} at (12,210) size 1x14
      RenderText {#text} at (0,224) size 13x14
        text run at (0,224) width 13: "16"
      RenderBR {BR} at (12,224) size 1x14
      RenderText {#text} at (0,238) size 12x14
        text run at (0,238) width 12: "17"
      RenderBR {BR} at (11,238) size 1x14
      RenderText {#text} at (0,252) size 13x14
        text run at (0,252) width 13: "18"
      RenderBR {BR} at (12,252) size 1x14
      RenderText {#text} at (0,266) size 13x14
        text run at (0,266) width 13: "19"
      RenderBR {BR} at (12,266) size 1x14
      RenderText {#text} at (0,280) size 14x14
        text run at (0,280) width 14: "20"
      RenderBR {BR} at (13,280) size 1x14
      RenderText {#text} at (0,294) size 12x14
        text run at (0,294) width 12: "21"
      RenderBR {BR} at (11,294) size 1x14
      RenderText {#text} at (0,308) size 14x14
        text run at (0,308) width 14: "22"
      RenderBR {BR} at (13,308) size 1x14
      RenderText {#text} at (0,322) size 14x14
        text run at (0,322) width 14: "23"
      RenderBR {BR} at (13,322) size 1x14
      RenderText {#text} at (0,336) size 14x14
        text run at (0,336) width 14: "24"
      RenderBR {BR} at (13,336) size 1x14
      RenderText {#text} at (0,350) size 14x14
        text run at (0,350) width 14: "25"
      RenderBR {BR} at (13,350) size 1x14
      RenderText {#text} at (0,364) size 14x14
        text run at (0,364) width 14: "26"
      RenderBR {BR} at (13,364) size 1x14
      RenderText {#text} at (0,378) size 14x14
        text run at (0,378) width 14: "27"
      RenderBR {BR} at (13,378) size 1x14
      RenderText {#text} at (0,392) size 14x14
        text run at (0,392) width 14: "28"
      RenderBR {BR} at (13,392) size 1x14
      RenderText {#text} at (0,406) size 14x14
        text run at (0,406) width 14: "29"
      RenderBR {BR} at (13,406) size 1x14
      RenderText {#text} at (0,420) size 14x14
        text run at (0,420) width 14: "30"
      RenderBR {BR} at (13,420) size 1x14
      RenderBR {BR} at (0,434) size 0x14
caret: position 0 of child 24 {#text} of child 0 {DIV} of {#document-fragment} of child 3 {TEXTAREA} of body
