layer at (0,0) size 800x600
  RenderView at (0,0) size 800x600
layer at (0,0) size 800x600
  RenderBlock {HTML} at (0,0) size 800x600
    RenderBody {BODY} at (8,8) size 784x584
      RenderBlock (anonymous) at (0,0) size 784x133
        RenderText {#text} at (0,0) size 515x19
          text run at (0,0) width 515: "This tests that typing in a scrolled textarea does not cause unnecessary scrolling."
        RenderBR {BR} at (514,0) size 1x19
        RenderText {#text} at (172,113) size 4x19
          text run at (172,113) width 4: " "
        RenderBR {BR} at (176,113) size 0x19
      RenderBlock {DIV} at (0,133) size 784x0
layer at (10,30) size 168x104 clip at (11,31) size 151x102 scrollY 196 scrollHeight 298
  RenderTextControl {TEXTAREA} at (2,22) size 168x104 [bgcolor=#FFFFFF] [border: (1px solid #3C3C4399)]
    RenderBlock {DIV} at (6,3) size 141x294
      RenderText {#text} at (0,0) size 6x14
        text run at (0,0) width 6: "1"
      RenderBR {BR} at (5,0) size 1x14
      RenderText {#text} at (0,14) size 7x14
        text run at (0,14) width 7: "2"
      RenderBR {BR} at (6,14) size 1x14
      RenderText {#text} at (0,28) size 7x14
        text run at (0,28) width 7: "3"
      RenderBR {BR} at (6,28) size 1x14
      RenderText {#text} at (0,42) size 8x14
        text run at (0,42) width 8: "4"
      RenderBR {BR} at (7,42) size 1x14
      RenderText {#text} at (0,56) size 7x14
        text run at (0,56) width 7: "5"
      RenderBR {BR} at (6,56) size 1x14
      RenderText {#text} at (0,70) size 8x14
        text run at (0,70) width 8: "6"
      RenderBR {BR} at (7,70) size 1x14
      RenderText {#text} at (0,84) size 7x14
        text run at (0,84) width 7: "7"
      RenderBR {BR} at (6,84) size 1x14
      RenderText {#text} at (0,98) size 8x14
        text run at (0,98) width 8: "8"
      RenderBR {BR} at (7,98) size 1x14
      RenderText {#text} at (0,112) size 8x14
        text run at (0,112) width 8: "9"
      RenderBR {BR} at (7,112) size 1x14
      RenderText {#text} at (0,126) size 13x14
        text run at (0,126) width 13: "10"
      RenderBR {BR} at (12,126) size 1x14
      RenderText {#text} at (0,140) size 11x14
        text run at (0,140) width 11: "11"
      RenderBR {BR} at (10,140) size 1x14
      RenderText {#text} at (0,154) size 12x14
        text run at (0,154) width 12: "12"
      RenderBR {BR} at (11,154) size 1x14
      RenderText {#text} at (0,168) size 13x14
        text run at (0,168) width 13: "13"
      RenderBR {BR} at (12,168) size 1x14
      RenderText {#text} at (0,182) size 13x14
        text run at (0,182) width 13: "14"
      RenderBR {BR} at (12,182) size 1x14
      RenderText {#text} at (0,196) size 13x14
        text run at (0,196) width 13: "15"
      RenderBR {BR} at (12,196) size 1x14
      RenderText {#text} at (0,210) size 13x14
        text run at (0,210) width 13: "16"
      RenderBR {BR} at (12,210) size 1x14
      RenderText {#text} at (0,224) size 12x14
        text run at (0,224) width 12: "17"
      RenderBR {BR} at (11,224) size 1x14
      RenderText {#text} at (0,238) size 40x14
        text run at (0,238) width 40: "18 Pass"
      RenderBR {BR} at (39,238) size 1x14
      RenderText {#text} at (0,252) size 13x14
        text run at (0,252) width 13: "19"
      RenderBR {BR} at (12,252) size 1x14
      RenderText {#text} at (0,266) size 14x14
        text run at (0,266) width 14: "20"
      RenderBR {BR} at (13,266) size 1x14
      RenderBR {BR} at (0,280) size 0x14
caret: position 7 of child 34 {#text} of child 0 {DIV} of {#document-fragment} of child 3 {TEXTAREA} of body
